kept           blind      PV     3230 kW  BESS     815 kW /     4047 kWh  NPV    2,161,251  minDSCR 2.10  SOH20 0.837  Nones
blind          blind      PV     3230 kW  BESS     815 kW /     4047 kWh  NPV    2,161,251  minDSCR 2.10  SOH20 0.837  268.4s
deg            deg        PV     3230 kW  BESS     831 kW /     4203 kWh  NPV    2,172,154  minDSCR 2.09  SOH20 0.847  397.7s
grid_0.000     grid       PV     2549 kW  BESS       0 kW /        0 kWh  NPV    1,659,545  minDSCR 2.56  SOH20 -  61.2s
grid_0.250     grid       PV     2663 kW  BESS     381 kW /     1012 kWh  NPV    1,870,236  minDSCR 2.46  SOH20 0.812  199.4s
grid_0.250_deg grid_deg   PV     2663 kW  BESS     381 kW /     1012 kWh  NPV    1,873,459  minDSCR 2.47  SOH20 0.828  298.3s
grid_0.500     grid       PV     2874 kW  BESS     532 kW /     2024 kWh  NPV    1,993,125  minDSCR 2.32  SOH20 0.827  311.6s
grid_0.500_deg grid_deg   PV     2871 kW  BESS     532 kW /     2024 kWh  NPV    1,996,963  minDSCR 2.32  SOH20 0.839  439.9s
grid_0.750     grid       PV     3103 kW  BESS     675 kW /     3035 kWh  NPV    2,090,732  minDSCR 2.19  SOH20 0.833  190.7s
grid_0.750_deg grid_deg   PV     3097 kW  BESS     671 kW /     3035 kWh  NPV    2,094,702  minDSCR 2.19  SOH20 0.843  419.3s
grid_1.000     grid       PV     3230 kW  BESS     815 kW /     4047 kWh  NPV    2,161,254  minDSCR 2.10  SOH20 0.837  181.6s
grid_1.000_deg grid_deg   PV     3230 kW  BESS     813 kW /     4047 kWh  NPV    2,166,453  minDSCR 2.10  SOH20 0.846  397.8s
grid_1.250     grid       PV     3230 kW  BESS     957 kW /     5059 kWh  NPV    2,189,179  minDSCR 2.03  SOH20 0.842  301.6s
grid_1.250_deg grid_deg   PV     3230 kW  BESS     952 kW /     5059 kWh  NPV    2,194,523  minDSCR 2.04  SOH20 0.851  359.8s
grid_1.500     grid       PV     3230 kW  BESS    1031 kW /     6071 kWh  NPV    2,186,720  minDSCR 1.96  SOH20 0.849  117.1s
grid_1.500_deg grid_deg   PV     3230 kW  BESS    1029 kW /     6071 kWh  NPV    2,192,487  minDSCR 1.97  SOH20 0.858  214.1s
grid_1.750     grid       PV     3230 kW  BESS    1078 kW /     7082 kWh  NPV    2,154,204  minDSCR 1.89  SOH20 0.859  111.1s
grid_1.750_deg grid_deg   PV     3230 kW  BESS    1071 kW /     7082 kWh  NPV    2,160,407  minDSCR 1.89  SOH20 0.867  214.4s
grid_at_deg    grid       PV     3230 kW  BESS     832 kW /     4203 kWh  NPV    2,167,247  minDSCR 2.09  SOH20 0.838  164.0s
grid_at_deg_deg grid_deg   PV     3230 kW  BESS     831 kW /     4203 kWh  NPV    2,172,527  minDSCR 2.09  SOH20 0.847  313.0s
grid_1.125     grid       PV     3230 kW  BESS     895 kW /     4553 kWh  NPV    2,178,658  minDSCR 2.07  SOH20 0.840  130.1s
grid_1.125_deg grid_deg   PV     3230 kW  BESS     893 kW /     4553 kWh  NPV    2,183,994  minDSCR 2.07  SOH20 0.849  230.6s
grid_1.375     grid       PV     3230 kW  BESS     998 kW /     5565 kWh  NPV    2,191,768  minDSCR 2.00  SOH20 0.845  131.6s
grid_1.375_deg grid_deg   PV     3230 kW  BESS     995 kW /     5565 kWh  NPV    2,197,273  minDSCR 2.00  SOH20 0.854  225.3s
