kept           blind      PV     5701 kW  BESS    1896 kW /    11087 kWh  NPV      585,319  minDSCR 1.02  SOH20 0.859  Nones
aligned Vietnam objective: {"Financial.owner_discount_rate_fraction": [0.0624, 0.1], "Financial.offtaker_discount_rate_fraction": [0.0624, 0.1], "Financial.owner_tax_rate_fraction": [0.26, 0.2], "Financial.offtaker_tax_rate_fraction": [0.26, 0.2], "Financial.elec_cost_escalation_rate_fraction": [0.0166, 0.04], "Financial.om_cost_escalation_rate_fraction": [0.025, 0.03], "PV.federal_itc_fraction": [0.3, 0], "PV.macrs_option_years": [5, 0], "PV.macrs_bonus_fraction": [1.0, 0], "ElectricStorage.total_itc_fraction": [0.3, 0], "ElectricStorage.macrs_option_years": [5, 0], "ElectricStorage.macrs_bonus_fraction": [1.0, 0]}
blind          blind      PV     3520 kW  BESS    1031 kW /     4079 kWh  NPV    1,111,148  minDSCR 1.37  SOH20 0.841  24.4s
deg            deg        PV     3539 kW  BESS    1067 kW /     4222 kWh  NPV    1,164,688  minDSCR 1.39  SOH20 0.848  189.1s
grid_0.000     grid       PV     2656 kW  BESS       0 kW /        0 kWh  NPV      919,745  minDSCR 1.59  SOH20 -  3.6s
grid_0.250     grid       PV     2859 kW  BESS     341 kW /     1020 kWh  NPV    1,016,671  minDSCR 1.54  SOH20 0.807  8.9s
grid_0.250_deg grid_deg   PV     2856 kW  BESS     338 kW /     1020 kWh  NPV    1,030,210  minDSCR 1.55  SOH20 0.816  15.2s
grid_0.500     grid       PV     3061 kW  BESS     516 kW /     2040 kWh  NPV    1,067,642  minDSCR 1.48  SOH20 0.827  9.1s
grid_0.500_deg grid_deg   PV     3063 kW  BESS     516 kW /     2040 kWh  NPV    1,093,652  minDSCR 1.50  SOH20 0.834  13.8s
grid_0.750     grid       PV     3297 kW  BESS     773 kW /     3060 kWh  NPV    1,097,603  minDSCR 1.42  SOH20 0.835  8.9s
grid_0.750_deg grid_deg   PV     3297 kW  BESS     773 kW /     3060 kWh  NPV    1,136,353  minDSCR 1.44  SOH20 0.842  12.6s
grid_1.000     grid       PV     3520 kW  BESS    1031 kW /     4079 kWh  NPV    1,111,148  minDSCR 1.37  SOH20 0.841  8.7s
grid_1.000_deg grid_deg   PV     3518 kW  BESS    1031 kW /     4079 kWh  NPV    1,162,723  minDSCR 1.39  SOH20 0.847  12.7s
grid_1.250     grid       PV     3694 kW  BESS    1309 kW /     5099 kWh  NPV    1,099,807  minDSCR 1.32  SOH20 0.847  8.2s
grid_1.250_deg grid_deg   PV     3694 kW  BESS    1308 kW /     5099 kWh  NPV    1,164,316  minDSCR 1.35  SOH20 0.854  13.4s
grid_at_deg    grid       PV     3545 kW  BESS    1067 kW /     4222 kWh  NPV    1,111,349  minDSCR 1.37  SOH20 0.841  9.0s
grid_at_deg_deg grid_deg   PV     3539 kW  BESS    1067 kW /     4222 kWh  NPV    1,164,689  minDSCR 1.39  SOH20 0.848  11.8s
grid_1.017     grid       PV     3527 kW  BESS    1049 kW /     4151 kWh  NPV    1,111,258  minDSCR 1.37  SOH20 0.841  8.3s
grid_1.017_deg grid_deg   PV     3527 kW  BESS    1049 kW /     4151 kWh  NPV    1,163,763  minDSCR 1.39  SOH20 0.848  12.1s
grid_1.052     grid       PV     3555 kW  BESS    1085 kW /     4293 kWh  NPV    1,111,248  minDSCR 1.36  SOH20 0.842  8.1s
grid_1.052_deg grid_deg   PV     3548 kW  BESS    1085 kW /     4293 kWh  NPV    1,165,492  minDSCR 1.39  SOH20 0.849  12.2s
