kept           blind      PV     6071 kW  BESS    2220 kW /    14337 kWh  NPV     -470,729  minDSCR 0.78  SOH20 0.856  Nones
aligned Vietnam objective: {"Financial.owner_discount_rate_fraction": [0.0624, 0.1], "Financial.offtaker_discount_rate_fraction": [0.0624, 0.1], "Financial.owner_tax_rate_fraction": [0.26, 0.2], "Financial.offtaker_tax_rate_fraction": [0.26, 0.2], "Financial.elec_cost_escalation_rate_fraction": [0.0166, 0.04], "Financial.om_cost_escalation_rate_fraction": [0.025, 0.03], "PV.federal_itc_fraction": [0.3, 0], "PV.macrs_option_years": [5, 0], "PV.macrs_bonus_fraction": [1.0, 0], "ElectricStorage.total_itc_fraction": [0.3, 0], "ElectricStorage.macrs_option_years": [5, 0], "ElectricStorage.macrs_bonus_fraction": [1.0, 0]}
blind          blind      PV     2188 kW  BESS     579 kW /     3088 kWh  NPV      389,852  minDSCR 1.12  SOH20 0.845  24.4s
deg            deg        PV     2222 kW  BESS     597 kW /     3273 kWh  NPV      433,260  minDSCR 1.14  SOH20 0.854  40.0s
grid_0.000     grid       PV     1209 kW  BESS       0 kW /        0 kWh  NPV      132,470  minDSCR 1.10  SOH20 -  5.7s
grid_0.250     grid       PV     1549 kW  BESS     318 kW /      772 kWh  NPV      312,537  minDSCR 1.22  SOH20 0.837  12.3s
grid_0.250_deg grid_deg   PV     1549 kW  BESS     318 kW /      772 kWh  NPV      325,157  minDSCR 1.24  SOH20 0.853  15.6s
grid_0.500     grid       PV     1839 kW  BESS     423 kW /     1544 kWh  NPV      350,328  minDSCR 1.18  SOH20 0.840  13.0s
grid_0.500_deg grid_deg   PV     1824 kW  BESS     423 kW /     1544 kWh  NPV      372,681  minDSCR 1.20  SOH20 0.853  15.0s
grid_0.750     grid       PV     2016 kW  BESS     504 kW /     2316 kWh  NPV      375,871  minDSCR 1.15  SOH20 0.843  14.3s
grid_0.750_deg grid_deg   PV     2013 kW  BESS     504 kW /     2316 kWh  NPV      408,073  minDSCR 1.17  SOH20 0.854  18.1s
grid_1.000     grid       PV     2188 kW  BESS     579 kW /     3088 kWh  NPV      389,852  minDSCR 1.12  SOH20 0.845  14.7s
grid_1.000_deg grid_deg   PV     2187 kW  BESS     579 kW /     3088 kWh  NPV      422,834  minDSCR 1.15  SOH20 0.854  15.6s
grid_1.250     grid       PV     2335 kW  BESS     654 kW /     3860 kWh  NPV      382,763  minDSCR 1.09  SOH20 0.846  13.3s
grid_1.250_deg grid_deg   PV     2318 kW  BESS     654 kW /     3860 kWh  NPV      433,552  minDSCR 1.12  SOH20 0.854  19.0s
grid_at_deg    grid       PV     2229 kW  BESS     597 kW /     3273 kWh  NPV      389,309  minDSCR 1.12  SOH20 0.845  15.3s
grid_at_deg_deg grid_deg   PV     2222 kW  BESS     597 kW /     3273 kWh  NPV      433,261  minDSCR 1.14  SOH20 0.854  18.1s
grid_0.970     grid       PV     2181 kW  BESS     571 kW /     2995 kWh  NPV      390,068  minDSCR 1.13  SOH20 0.845  13.3s
grid_0.970_deg grid_deg   PV     2148 kW  BESS     570 kW /     2995 kWh  NPV      421,667  minDSCR 1.15  SOH20 0.854  17.9s
grid_1.030     grid       PV     2224 kW  BESS     589 kW /     3180 kWh  NPV      389,840  minDSCR 1.12  SOH20 0.845  13.2s
grid_1.030_deg grid_deg   PV     2197 kW  BESS     588 kW /     3180 kWh  NPV      432,456  minDSCR 1.15  SOH20 0.854  17.7s
